// Jest Snapshot v1, https://goo.gl/fbAQLP

exports[`test Button Comp renders correctly 1`] = `
<View
  accessible={true}
  collapsable={false}
  focusable={true}
  onClick={[Function]}
  onResponderGrant={[Function]}
  onResponderMove={[Function]}
  onResponderRelease={[Function]}
  onResponderTerminate={[Function]}
  onResponderTerminationRequest={[Function]}
  onStartShouldSetResponder={[Function]}
  style={
    {
      "alignItems": "center",
      "backgroundColor": "#334FFA",
      "borderRadius": 10,
      "height": 50,
      "justifyContent": "center",
      "opacity": 1,
    }
  }
>
  <Text
    style={
      {
        "color": "white",
        "fontSize": 14,
        "fontWeight": "800",
      }
    }
  >
    test
  </Text>
</View>
`;
