// Jest Snapshot v1, https://goo.gl/fbAQLP

exports[`test Filter Comp renders correctly 1`] = `
<View
  style={
    {
      "flexDirection": "row",
      "marginTop": 20,
    }
  }
>
  <View
    accessible={true}
    collapsable={false}
    focusable={true}
    onClick={[Function]}
    onResponderGrant={[Function]}
    onResponderMove={[Function]}
    onResponderRelease={[Function]}
    onResponderTerminate={[Function]}
    onResponderTerminationRequest={[Function]}
    onStartShouldSetResponder={[Function]}
    style={
      {
        "alignItems": "center",
        "backgroundColor": "#334FFA",
        "borderRadius": 10,
        "flex": 1,
        "height": 50,
        "justifyContent": "center",
        "marginRight": 10,
        "opacity": 1,
      }
    }
    testID="ganados-btn"
  >
    <Text
      style={
        {
          "color": "white",
          "fontSize": 14,
          "fontWeight": "800",
        }
      }
    >
      Ganados
    </Text>
  </View>
  <View
    accessible={true}
    collapsable={false}
    focusable={true}
    onClick={[Function]}
    onResponderGrant={[Function]}
    onResponderMove={[Function]}
    onResponderRelease={[Function]}
    onResponderTerminate={[Function]}
    onResponderTerminationRequest={[Function]}
    onStartShouldSetResponder={[Function]}
    style={
      {
        "alignItems": "center",
        "backgroundColor": "#334FFA",
        "borderRadius": 10,
        "flex": 1,
        "height": 50,
        "justifyContent": "center",
        "opacity": 1,
      }
    }
    testID="canjeados-btn"
  >
    <Text
      style={
        {
          "color": "white",
          "fontSize": 14,
          "fontWeight": "800",
        }
      }
    >
      Canjeados
    </Text>
  </View>
</View>
`;
